
> @joshtol/emotive-engine@3.0.0 test
> node --max-old-space-size=8192 ./node_modules/vitest/vitest.mjs run


[1m[46m RUN [49m[22m [36mv3.2.4 [39m[90mc:/zzz/emotive/emotive-engine[39m

[90mstderr[2m | test/unit/EmotiveMascot.test.js[2m > [22m[2mEmotiveMascot - Integration Tests[2m > [22m[2mGesture System Integration[2m > [22m[2mshould execute single gesture
[22m[39mGestureController not initialized, skipping gesture

[90mstderr[2m | test/unit/EmotiveMascot.test.js[2m > [22m[2mEmotiveMascot - Integration Tests[2m > [22m[2mGesture System Integration[2m > [22m[2mshould return this for chaining
[22m[39mGestureController not initialized, skipping gesture

[90mstderr[2m | test/unit/EmotiveMascot.test.js[2m > [22m[2mEmotiveMascot - Integration Tests[2m > [22m[2mGesture System Integration[2m > [22m[2mshould execute gesture with options
[22m[39mGestureController not initialized, skipping gesture

[90mstderr[2m | test/unit/EmotiveMascot.test.js[2m > [22m[2mEmotiveMascot - Integration Tests[2m > [22m[2mGesture System Integration[2m > [22m[2mshould handle common gestures
[22m[39mGestureController not initialized, skipping gesture
GestureController not initialized, skipping gesture
GestureController not initialized, skipping gesture
GestureController not initialized, skipping gesture
GestureController not initialized, skipping gesture
GestureController not initialized, skipping gesture
GestureController not initialized, skipping gesture

[90mstderr[2m | test/unit/EmotiveMascot.test.js[2m > [22m[2mEmotiveMascot - Integration Tests[2m > [22m[2mGesture System Integration[2m > [22m[2mshould support gesture chaining in fluent API
[22m[39mGestureController not initialized, skipping gesture
GestureController not initialized, skipping gesture
GestureController not initialized, skipping gesture

[90mstderr[2m | test/unit/EmotiveMascot.test.js[2m > [22m[2mEmotiveMascot - Integration Tests[2m > [22m[2mGesture System Integration[2m > [22m[2mshould handle rapid gesture succession
[22m[39mGestureController not initialized, skipping gesture
GestureController not initialized, skipping gesture
GestureController not initialized, skipping gesture
GestureController not initialized, skipping gesture
GestureController not initialized, skipping gesture
GestureController not initialized, skipping gesture
GestureController not initialized, skipping gesture
GestureController not initialized, skipping gesture
GestureController not initialized, skipping gesture
GestureController not initialized, skipping gesture

[90mstderr[2m | test/unit/EmotiveMascot.test.js[2m > [22m[2mEmotiveMascot - Integration Tests[2m > [22m[2mGesture System Integration[2m > [22m[2mshould emit gesture events
[22m[39mGestureController not initialized, skipping gesture

[90mstderr[2m | test/unit/EmotiveMascot.test.js[2m > [22m[2mEmotiveMascot - Integration Tests[2m > [22m[2mGesture System Integration[2m > [22m[2mshould handle gestures with emotion changes
[22m[39mGestureController not initialized, skipping gesture
GestureController not initialized, skipping gesture

[90mstderr[2m | test/unit/EmotiveMascot.test.js[2m > [22m[2mEmotiveMascot - Integration Tests[2m > [22m[2mGesture System Integration[2m > [22m[2mshould handle invalid gesture gracefully
[22m[39mGestureController not initialized, skipping gesture

[90mstderr[2m | test/unit/EmotiveMascot.test.js[2m > [22m[2mEmotiveMascot - Integration Tests[2m > [22m[2mError Handling & Recovery[2m > [22m[2mshould handle invalid gesture gracefully
[22m[39mGestureController not initialized, skipping gesture

[90mstderr[2m | test/unit/EmotiveMascot.test.js[2m > [22m[2mEmotiveMascot - Integration Tests[2m > [22m[2mError Handling & Recovery[2m > [22m[2mshould continue functioning after errors
[22m[39mGestureController not initialized, skipping gesture

[90mstderr[2m | test/unit/EmotiveMascot.test.js[2m > [22m[2mEmotiveMascot - Integration Tests[2m > [22m[2mLLM Integration[2m > [22m[2mshould handle LLM response object
[22m[39m[EmotiveMascot] ContextManager not initialized

[90mstderr[2m | test/unit/EmotiveMascot.test.js[2m > [22m[2mEmotiveMascot - Integration Tests[2m > [22m[2mLLM Integration[2m > [22m[2mshould handle LLM response object
[22m[39mGestureController not initialized, skipping gesture

[90mstderr[2m | test/unit/EmotiveMascot.test.js[2m > [22m[2mEmotiveMascot - Integration Tests[2m > [22m[2mReal-World Usage Scenarios[2m > [22m[2mshould handle typical chatbot flow
[22m[39mGestureController not initialized, skipping gesture

[90mstderr[2m | test/unit/EmotiveMascot.test.js[2m > [22m[2mEmotiveMascot - Integration Tests[2m > [22m[2mReal-World Usage Scenarios[2m > [22m[2mshould handle voice assistant flow
[22m[39mGestureController not initialized, skipping gesture

[90mstderr[2m | test/unit/EmotiveMascot.test.js[2m > [22m[2mEmotiveMascot - Integration Tests[2m > [22m[2mReal-World Usage Scenarios[2m > [22m[2mshould handle emotional storytelling
[22m[39mGestureController not initialized, skipping gesture

[90mstderr[2m | test/unit/EmotiveMascot.test.js[2m > [22m[2mEmotiveMascot - Integration Tests[2m > [22m[2mReal-World Usage Scenarios[2m > [22m[2mshould handle emotional storytelling
[22m[39mGestureController not initialized, skipping gesture

[90mstderr[2m | test/unit/EmotiveMascot.test.js[2m > [22m[2mEmotiveMascot - Integration Tests[2m > [22m[2mReal-World Usage Scenarios[2m > [22m[2mshould handle emotional storytelling
[22m[39mGestureController not initialized, skipping gesture

[90mstderr[2m | test/unit/EmotiveMascot.test.js[2m > [22m[2mEmotiveMascot - Integration Tests[2m > [22m[2mReal-World Usage Scenarios[2m > [22m[2mshould handle interactive game mascot
[22m[39mGestureController not initialized, skipping gesture
GestureController not initialized, skipping gesture

[90mstderr[2m | test/unit/EmotiveMascot.test.js[2m > [22m[2mEmotiveMascot - Integration Tests[2m > [22m[2mReal-World Usage Scenarios[2m > [22m[2mshould handle complete lifecycle with events
[22m[39mGestureController not initialized, skipping gesture
GestureController not initialized, skipping gesture

[90mstderr[2m | test/unit/EmotiveMascot.test.js[2m > [22m[2mEmotiveMascot - Integration Tests[2m > [22m[2mReal-World Usage Scenarios[2m > [22m[2mshould handle rapid interaction scenario
[22m[39mGestureController not initialized, skipping gesture
GestureController not initialized, skipping gesture
GestureController not initialized, skipping gesture
GestureController not initialized, skipping gesture
GestureController not initialized, skipping gesture

[90mstderr[2m | test/unit/EmotiveMascot.test.js[2m > [22m[2mEmotiveMascot - Integration Tests[2m > [22m[2mReal-World Usage Scenarios[2m > [22m[2mshould handle accessibility scenario
[22m[39mGestureController not initialized, skipping gesture

 [32m✓[39m test/unit/EmotiveMascot.test.js [2m([22m[2m140 tests[22m[2m)[22m[33m 2673[2mms[22m[39m
   [33m[2m✓[22m[39m EmotiveMascot - Integration Tests[2m > [22mLLM Integration[2m > [22mshould handle LLM response object [33m 333[2mms[22m[39m
   [33m[2m✓[22m[39m EmotiveMascot - Integration Tests[2m > [22mReal-World Usage Scenarios[2m > [22mshould handle emotional storytelling [33m 347[2mms[22m[39m
[90mstderr[2m | test/unit/core/ParticleSystem.test.js[2m > [22m[2mParticleSystem[2m > [22m[2mIntegration: Advanced Particle Behaviors[2m > [22m[2mshould handle meditation_swirl behavior with palm center
[22m[39m⚠️ Behavior 'meditation_swirl' not found, falling back to ambient
⚠️ Behavior 'meditation_swirl' not found, falling back to ambient
⚠️ Behavior 'meditation_swirl' not found, falling back to ambient
⚠️ Behavior 'meditation_swirl' not found, falling back to ambient
⚠️ Behavior 'meditation_swirl' not found, falling back to ambient

[90mstderr[2m | test/unit/core/ParticleSystem.test.js[2m > [22m[2mParticleSystem[2m > [22m[2mIntegration: All Particle Behaviors Coverage[2m > [22m[2mshould handle meditation_swirl behavior complete lifecycle
[22m[39m⚠️ Behavior 'meditation_swirl' not found, falling back to ambient
⚠️ Behavior 'meditation_swirl' not found, falling back to ambient
⚠️ Behavior 'meditation_swirl' not found, falling back to ambient
⚠️ Behavior 'meditation_swirl' not found, falling back to ambient
⚠️ Behavior 'meditation_swirl' not found, falling back to ambient
⚠️ Behavior 'meditation_swirl' not found, falling back to ambient
⚠️ Behavior 'meditation_swirl' not found, falling back to ambient
⚠️ Behavior 'meditation_swirl' not found, falling back to ambient
⚠️ Behavior 'meditation_swirl' not found, falling back to ambient
⚠️ Behavior 'meditation_swirl' not found, falling back to ambient

[90mstderr[2m | test/unit/core/ParticleSystem.test.js[2m > [22m[2mParticleSystem[2m > [22m[2mIntegration: All Particle Behaviors Coverage[2m > [22m[2mshould spawn meditation_swirl particles at correct positions
[22m[39m⚠️ Behavior 'meditation_swirl' not found, falling back to ambient
⚠️ Behavior 'meditation_swirl' not found, falling back to ambient
⚠️ Behavior 'meditation_swirl' not found, falling back to ambient
⚠️ Behavior 'meditation_swirl' not found, falling back to ambient
⚠️ Behavior 'meditation_swirl' not found, falling back to ambient
⚠️ Behavior 'meditation_swirl' not found, falling back to ambient
⚠️ Behavior 'meditation_swirl' not found, falling back to ambient
⚠️ Behavior 'meditation_swirl' not found, falling back to ambient
⚠️ Behavior 'meditation_swirl' not found, falling back to ambient
⚠️ Behavior 'meditation_swirl' not found, falling back to ambient

[90mstderr[2m | test/unit/core/ParticleSystem.test.js[2m > [22m[2mParticleSystem[2m > [22m[2mIntegration: All Particle Behaviors Coverage[2m > [22m[2mshould handle all behaviors in mixed scenario
[22m[39m⚠️ Behavior 'meditation_swirl' not found, falling back to ambient
⚠️ Behavior 'meditation_swirl' not found, falling back to ambient
⚠️ Behavior 'meditation_swirl' not found, falling back to ambient

 [32m✓[39m test/unit/core/ParticleSystem.test.js [2m([22m[2m181 tests[22m[2m)[22m[33m 2115[2mms[22m[39m
   [33m[2m✓[22m[39m ParticleSystem[2m > [22mIntegration: Memory Management[2m > [22mshould handle thousands of particles without leaking [33m 307[2mms[22m[39m
   [33m[2m✓[22m[39m ParticleSystem[2m > [22mIntegration: Thousands of Particles[2m > [22mshould update 1000 particles efficiently [33m 817[2mms[22m[39m
 [32m✓[39m test/integration/lifecycle.test.js [2m([22m[2m20 tests[22m[2m)[22m[33m 422[2mms[22m[39m
[90mstderr[2m | test/unit/EmotiveMascotPublic.test.js[2m > [22m[2mEmotiveMascotPublic - Public API Integration Tests[2m > [22m[2mAnimation Control[2m > [22m[2mchain()[2m > [22m[2mshould warn on unknown chain
[22m[39mChain combo 'unknown-chain' not found

[90mstderr[2m | test/unit/EmotiveMascotPublic.test.js[2m > [22m[2mEmotiveMascotPublic - Public API Integration Tests[2m > [22m[2mElement Attachment[2m > [22m[2mattachToElement()[2m > [22m[2mshould return this for chaining when element not found
[22m[39m[EmotiveMascot] Element not found: #non-existent

[90mstderr[2m | test/unit/EmotiveMascotPublic.test.js[2m > [22m[2mEmotiveMascotPublic - Public API Integration Tests[2m > [22m[2mElement Attachment[2m > [22m[2mattachToElement()[2m > [22m[2mshould throw if not initialized
[22m[39m[EmotiveMascot] Engine not initialized

 [32m✓[39m test/unit/EmotiveMascotPublic.test.js [2m([22m[2m194 tests[22m[2m)[22m[33m 406[2mms[22m[39m
 [32m✓[39m test/unit/core/renderer/GlowRenderer.test.js [2m([22m[2m145 tests[22m[2m)[22m[33m 426[2mms[22m[39m
 [32m✓[39m test/unit/core/GestureScheduler.test.js [2m([22m[2m165 tests[22m[2m)[22m[33m 547[2mms[22m[39m
 [32m✓[39m test/unit/core/shapes/all-shapes.test.js [2m([22m[2m101 tests[22m[2m)[22m[33m 437[2mms[22m[39m
 [32m✓[39m test/unit/core/EmotiveMascot.test.js [2m([22m[2m17 tests[22m[2m)[22m[32m 245[2mms[22m[39m
 [32m✓[39m test/unit/core/renderer/SpecialEffects.test.js [2m([22m[2m92 tests[22m[2m)[22m[33m 356[2mms[22m[39m
 [32m✓[39m test/unit/core/renderer/EyeRenderer.test.js [2m([22m[2m106 tests[22m[2m)[22m[32m 273[2mms[22m[39m
 [32m✓[39m test/unit/core/renderer/BackdropRenderer.test.js [2m([22m[2m101 tests[22m[2m)[22m[32m 196[2mms[22m[39m
 [32m✓[39m test/unit/core/renderer/GestureAnimator.test.js [2m([22m[2m157 tests[22m[2m)[22m[32m 218[2mms[22m[39m
[90mstderr[2m | test/unit/mascot/AudioHandler.test.js[2m > [22m[2mAudioHandler[2m > [22m[2mconnectAudio()[2m > [22m[2mshould handle init failure gracefully
[22m[39mFailed to initialize AudioContext: Error: Init failed
    at [90mc:\zzz\emotive\emotive-engine\[39mtest\unit\mascot\AudioHandler.test.js:262:61
    at [90mfile:///c:/zzz/emotive/emotive-engine/[39mnode_modules/[4m@vitest[24m/runner/dist/chunk-hooks.js:155:11
    at [90mfile:///c:/zzz/emotive/emotive-engine/[39mnode_modules/[4m@vitest[24m/runner/dist/chunk-hooks.js:752:26
    at [90mfile:///c:/zzz/emotive/emotive-engine/[39mnode_modules/[4m@vitest[24m/runner/dist/chunk-hooks.js:1897:20
    at new Promise (<anonymous>)
    at runWithTimeout [90m(file:///c:/zzz/emotive/emotive-engine/[39mnode_modules/[4m@vitest[24m/runner/dist/chunk-hooks.js:1863:10[90m)[39m
    at runTest [90m(file:///c:/zzz/emotive/emotive-engine/[39mnode_modules/[4m@vitest[24m/runner/dist/chunk-hooks.js:1574:12[90m)[39m
[90m    at processTicksAndRejections (node:internal/process/task_queues:105:5)[39m
    at runSuite [90m(file:///c:/zzz/emotive/emotive-engine/[39mnode_modules/[4m@vitest[24m/runner/dist/chunk-hooks.js:1729:8[90m)[39m
    at runSuite [90m(file:///c:/zzz/emotive/emotive-engine/[39mnode_modules/[4m@vitest[24m/runner/dist/chunk-hooks.js:1729:8[90m)[39m

[90mstderr[2m | test/unit/mascot/AudioHandler.test.js[2m > [22m[2mAudioHandler[2m > [22m[2mconnectAudio()[2m > [22m[2mshould handle resume failure gracefully
[22m[39mFailed to resume AudioContext: Error: Resume failed
    at [90mc:\zzz\emotive\emotive-engine\[39mtest\unit\mascot\AudioHandler.test.js:272:51
    at [90mfile:///c:/zzz/emotive/emotive-engine/[39mnode_modules/[4m@vitest[24m/runner/dist/chunk-hooks.js:155:11
    at [90mfile:///c:/zzz/emotive/emotive-engine/[39mnode_modules/[4m@vitest[24m/runner/dist/chunk-hooks.js:752:26
    at [90mfile:///c:/zzz/emotive/emotive-engine/[39mnode_modules/[4m@vitest[24m/runner/dist/chunk-hooks.js:1897:20
    at new Promise (<anonymous>)
    at runWithTimeout [90m(file:///c:/zzz/emotive/emotive-engine/[39mnode_modules/[4m@vitest[24m/runner/dist/chunk-hooks.js:1863:10[90m)[39m
    at runTest [90m(file:///c:/zzz/emotive/emotive-engine/[39mnode_modules/[4m@vitest[24m/runner/dist/chunk-hooks.js:1574:12[90m)[39m
[90m    at processTicksAndRejections (node:internal/process/task_queues:105:5)[39m
    at runSuite [90m(file:///c:/zzz/emotive/emotive-engine/[39mnode_modules/[4m@vitest[24m/runner/dist/chunk-hooks.js:1729:8[90m)[39m
    at runSuite [90m(file:///c:/zzz/emotive/emotive-engine/[39mnode_modules/[4m@vitest[24m/runner/dist/chunk-hooks.js:1729:8[90m)[39m

 [32m✓[39m test/unit/mascot/AudioHandler.test.js [2m([22m[2m40 tests[22m[2m)[22m[32m 139[2mms[22m[39m
 [32m✓[39m test/unit/core/EmotiveStateMachine.test.js [2m([22m[2m145 tests[22m[2m)[22m[32m 112[2mms[22m[39m
 [32m✓[39m test/unit/core/animation/RotationBrake.test.js [2m([22m[2m95 tests[22m[2m)[22m[32m 98[2mms[22m[39m
 [32m✓[39m test/unit/core/renderer/AmbientDanceAnimator.test.js [2m([22m[2m74 tests[22m[2m)[22m[32m 119[2mms[22m[39m
[90mstderr[2m | test/unit/mascot/GestureController.test.js[2m > [22m[2mGestureController[2m > [22m[2mchain()[2m > [22m[2mshould return mascot for chaining
[22m[39m🔗 No gestureCompatibility available, falling back to first gesture

[90mstderr[2m | test/unit/mascot/GestureController.test.js[2m > [22m[2mGestureController[2m > [22m[2mchain()[2m > [22m[2mshould execute first gesture as fallback if no gestureCompatibility
[22m[39m🔗 No gestureCompatibility available, falling back to first gesture

[90mstderr[2m | test/unit/mascot/GestureController.test.js[2m > [22m[2mGestureController[2m > [22m[2mchain()[2m > [22m[2mshould handle empty gesture list
[22m[39m🔗 No gestureCompatibility available, falling back to first gesture

 [32m✓[39m test/unit/mascot/GestureController.test.js [2m([22m[2m43 tests[22m[2m)[22m[32m 82[2mms[22m[39m
 [32m✓[39m test/unit/core/GestureCompositor.test.js [2m([22m[2m83 tests[22m[2m)[22m[32m 82[2mms[22m[39m
 [32m✓[39m test/unit/core/renderer/CelestialRenderer.test.js [2m([22m[2m27 tests[22m[2m)[22m[32m 70[2mms[22m[39m
 [32m✓[39m test/unit/core/particle/ParticleRenderer.test.js [2m([22m[2m20 tests[22m[2m)[22m[32m 66[2mms[22m[39m
 [32m✓[39m test/unit/core/shapes/astronomical.test.js [2m([22m[2m10 tests[22m[2m)[22m[32m 26[2mms[22m[39m
 [32m✓[39m test/unit/core/shapes/geometric.test.js [2m([22m[2m28 tests[22m[2m)[22m[32m 71[2mms[22m[39m
 [32m✓[39m test/unit/core/renderer/BreathingAnimator.test.js [2m([22m[2m116 tests[22m[2m)[22m[32m 76[2mms[22m[39m
 [32m✓[39m test/unit/mascot/StateCoordinator.test.js [2m([22m[2m30 tests[22m[2m)[22m[32m 49[2mms[22m[39m
 [32m✓[39m test/unit/mascot/VisualizationRunner.test.js [2m([22m[2m23 tests[22m[2m)[22m[32m 49[2mms[22m[39m
 [32m✓[39m test/unit/core/renderer/ColorUtilities.test.js [2m([22m[2m88 tests[22m[2m)[22m[32m 55[2mms[22m[39m
[90mstderr[2m | test/unit/core/cache/ShapeCache.test.js[2m > [22m[2mShapeCache[2m > [22m[2mcached data[2m > [22m[2mshould return null for unknown shape
[22m[39m[ShapeCache] Cache miss for shape 'nonexistent', consider adding to pre-cache

[90mstderr[2m | test/unit/core/cache/ShapeCache.test.js[2m > [22m[2mShapeCache[2m > [22m[2mcached data[2m > [22m[2mshould increment miss stats for cache miss
[22m[39m[ShapeCache] Cache miss for shape 'nonexistent', consider adding to pre-cache

[90mstderr[2m | test/unit/core/cache/ShapeCache.test.js[2m > [22m[2mShapeCache[2m > [22m[2mgetStats()[2m > [22m[2mshould update stats after operations
[22m[39m[ShapeCache] Cache miss for shape 'nonexistent', consider adding to pre-cache

[90mstderr[2m | test/unit/core/cache/ShapeCache.test.js[2m > [22m[2mShapeCache[2m > [22m[2medge cases[2m > [22m[2mshould handle null shape name
[22m[39m[ShapeCache] Cache miss for shape 'null', consider adding to pre-cache

[90mstderr[2m | test/unit/core/cache/ShapeCache.test.js[2m > [22m[2mShapeCache[2m > [22m[2medge cases[2m > [22m[2mshould handle undefined shape name
[22m[39m[ShapeCache] Cache miss for shape 'undefined', consider adding to pre-cache

[90mstderr[2m | test/unit/core/cache/ShapeCache.test.js[2m > [22m[2mShapeCache[2m > [22m[2medge cases[2m > [22m[2mshould handle empty string shape name
[22m[39m[ShapeCache] Cache miss for shape '', consider adding to pre-cache

[90mstderr[2m | test/unit/core/cache/ShapeCache.test.js[2m > [22m[2mShapeCache[2m > [22m[2medge cases[2m > [22m[2mshould handle case-sensitive shape names
[22m[39m[ShapeCache] Cache miss for shape 'Circle', consider adding to pre-cache

 [32m✓[39m test/unit/core/cache/ShapeCache.test.js [2m([22m[2m32 tests[22m[2m)[22m[32m 70[2mms[22m[39m
 [32m✓[39m test/unit/core/renderer/ZenModeRenderer.test.js [2m([22m[2m13 tests[22m[2m)[22m[32m 43[2mms[22m[39m
 [32m✓[39m test/unit/core/renderer/ComplexAnimationAnimator.test.js [2m([22m[2m31 tests[22m[2m)[22m[32m 47[2mms[22m[39m
 [32m✓[39m test/unit/core/renderer/DirectionalGestureAnimator.test.js [2m([22m[2m25 tests[22m[2m)[22m[32m 42[2mms[22m[39m
[90mstderr[2m | test/unit/core/cache/EmotionCache.test.js[2m > [22m[2mEmotionCache[2m > [22m[2mgetEmotion()[2m > [22m[2mshould return emotion for unknown emotion name
[22m[39m[EmotionCache] Cache miss for emotion 'nonexistent', consider adding to pre-cache

[90mstderr[2m | test/unit/core/cache/EmotionCache.test.js[2m > [22m[2mEmotionCache[2m > [22m[2mgetEmotion()[2m > [22m[2mshould increment miss stats for cache miss
[22m[39m[EmotionCache] Cache miss for emotion 'nonexistent', consider adding to pre-cache

[90mstderr[2m | test/unit/core/cache/EmotionCache.test.js[2m > [22m[2mEmotionCache[2m > [22m[2mgetStats()[2m > [22m[2mshould calculate hit rate
[22m[39m[EmotionCache] Cache miss for emotion 'nonexistent', consider adding to pre-cache

[90mstderr[2m | test/unit/core/cache/EmotionCache.test.js[2m > [22m[2mEmotionCache[2m > [22m[2medge cases[2m > [22m[2mshould handle null emotion name
[22m[39m[EmotionCache] Cache miss for emotion 'null', consider adding to pre-cache

[90mstderr[2m | test/unit/core/cache/EmotionCache.test.js[2m > [22m[2mEmotionCache[2m > [22m[2medge cases[2m > [22m[2mshould handle undefined emotion name
[22m[39m[EmotionCache] Cache miss for emotion 'undefined', consider adding to pre-cache

[90mstderr[2m | test/unit/core/cache/EmotionCache.test.js[2m > [22m[2mEmotionCache[2m > [22m[2medge cases[2m > [22m[2mshould handle empty string emotion name
[22m[39m[EmotionCache] Cache miss for emotion '', consider adding to pre-cache

[90mstderr[2m | test/unit/core/cache/EmotionCache.test.js[2m > [22m[2mEmotionCache[2m > [22m[2medge cases[2m > [22m[2mshould handle case-sensitive emotion names
[22m[39m[EmotionCache] Cache miss for emotion 'Joy', consider adding to pre-cache

 [32m✓[39m test/unit/core/cache/EmotionCache.test.js [2m([22m[2m41 tests[22m[2m)[22m[32m 52[2mms[22m[39m
 [32m✓[39m test/unit/core/particle/ParticlePool.test.js [2m([22m[2m20 tests[22m[2m)[22m[32m 36[2mms[22m[39m
 [32m✓[39m test/unit/core/renderer/VisualEffectAnimator.test.js [2m([22m[2m21 tests[22m[2m)[22m[32m 28[2mms[22m[39m
 [32m✓[39m test/unit/utils/easing.test.js [2m([22m[2m28 tests[22m[2m)[22m[32m 27[2mms[22m[39m
 [32m✓[39m test/unit/core/renderer/ExpressionGestureAnimator.test.js [2m([22m[2m26 tests[22m[2m)[22m[32m 37[2mms[22m[39m
 [32m✓[39m test/unit/mascot/ConfigurationManager.test.js [2m([22m[2m26 tests[22m[2m)[22m[32m 25[2mms[22m[39m
 [32m✓[39m test/unit/core/renderer/MovementGestureAnimator.test.js [2m([22m[2m21 tests[22m[2m)[22m[32m 34[2mms[22m[39m
 [32m✓[39m test/unit/core/renderer/ShapeTransformAnimator.test.js [2m([22m[2m22 tests[22m[2m)[22m[32m 32[2mms[22m[39m
 [32m✓[39m test/unit/core/renderer/PhysicalGestureAnimator.test.js [2m([22m[2m23 tests[22m[2m)[22m[32m 47[2mms[22m[39m
 [32m✓[39m test/unit/core/particle/ParticleSpawner.test.js [2m([22m[2m29 tests[22m[2m)[22m[32m 30[2mms[22m[39m
 [32m✓[39m test/unit/core/renderer/BreathGestureAnimator.test.js [2m([22m[2m18 tests[22m[2m)[22m[32m 28[2mms[22m[39m
 [32m✓[39m test/unit/core/gestures/motions.test.js [2m([22m[2m40 tests[22m[2m)[22m[32m 17[2mms[22m[39m
 [32m✓[39m test/unit/core/emotions/states.test.js [2m([22m[2m60 tests[22m[2m)[22m[32m 28[2mms[22m[39m
 [32m✓[39m test/unit/core/gestures/effects.test.js [2m([22m[2m48 tests[22m[2m)[22m[32m 14[2mms[22m[39m
 [32m✓[39m test/unit/core/gestures/transforms.test.js [2m([22m[2m36 tests[22m[2m)[22m[32m 18[2mms[22m[39m
 [32m✓[39m test/unit/utils/mathUtils.test.js [2m([22m[2m26 tests[22m[2m)[22m[32m 17[2mms[22m[39m

[2m Test Files [22m [1m[32m46 passed[39m[22m[90m (46)[39m
[2m      Tests [22m [1m[32m2827 passed[39m[22m[90m (2827)[39m
[2m   Start at [22m 22:46:56
[2m   Duration [22m 148.22s[2m (transform 3.83s, setup 223ms, collect 16.55s, tests 10.08s, environment 89.05s, prepare 12.92s)[22m

